Archive member included to satisfy reference by file (symbol)

/usr/lib/gcc/arm-none-eabi/10.3.1/../../../arm-none-eabi/lib/thumb/v7e-m+fp/hard/libc_nano.a(lib_a-atexit.o)
                              /usr/lib/gcc/arm-none-eabi/10.3.1/../../../arm-none-eabi/lib/thumb/v7e-m+fp/hard/crt0.o (atexit)
/usr/lib/gcc/arm-none-eabi/10.3.1/../../../arm-none-eabi/lib/thumb/v7e-m+fp/hard/libc_nano.a(lib_a-errno.o)
                              build/sysmem.o (__errno)
/usr/lib/gcc/arm-none-eabi/10.3.1/../../../arm-none-eabi/lib/thumb/v7e-m+fp/hard/libc_nano.a(lib_a-exit.o)
                              /usr/lib/gcc/arm-none-eabi/10.3.1/../../../arm-none-eabi/lib/thumb/v7e-m+fp/hard/crt0.o (exit)
/usr/lib/gcc/arm-none-eabi/10.3.1/../../../arm-none-eabi/lib/thumb/v7e-m+fp/hard/libc_nano.a(lib_a-fini.o)
                              /usr/lib/gcc/arm-none-eabi/10.3.1/../../../arm-none-eabi/lib/thumb/v7e-m+fp/hard/crt0.o (__libc_fini_array)
/usr/lib/gcc/arm-none-eabi/10.3.1/../../../arm-none-eabi/lib/thumb/v7e-m+fp/hard/libc_nano.a(lib_a-impure.o)
                              /usr/lib/gcc/arm-none-eabi/10.3.1/../../../arm-none-eabi/lib/thumb/v7e-m+fp/hard/libc_nano.a(lib_a-exit.o) (_global_impure_ptr)
/usr/lib/gcc/arm-none-eabi/10.3.1/../../../arm-none-eabi/lib/thumb/v7e-m+fp/hard/libc_nano.a(lib_a-init.o)
                              /usr/lib/gcc/arm-none-eabi/10.3.1/../../../arm-none-eabi/lib/thumb/v7e-m+fp/hard/crt0.o (__libc_init_array)
/usr/lib/gcc/arm-none-eabi/10.3.1/../../../arm-none-eabi/lib/thumb/v7e-m+fp/hard/libc_nano.a(lib_a-memset.o)
                              /usr/lib/gcc/arm-none-eabi/10.3.1/../../../arm-none-eabi/lib/thumb/v7e-m+fp/hard/crt0.o (memset)
/usr/lib/gcc/arm-none-eabi/10.3.1/../../../arm-none-eabi/lib/thumb/v7e-m+fp/hard/libc_nano.a(lib_a-__atexit.o)
                              /usr/lib/gcc/arm-none-eabi/10.3.1/../../../arm-none-eabi/lib/thumb/v7e-m+fp/hard/libc_nano.a(lib_a-atexit.o) (__register_exitproc)
/usr/lib/gcc/arm-none-eabi/10.3.1/../../../arm-none-eabi/lib/thumb/v7e-m+fp/hard/libc_nano.a(lib_a-__call_atexit.o)
                              /usr/lib/gcc/arm-none-eabi/10.3.1/../../../arm-none-eabi/lib/thumb/v7e-m+fp/hard/libc_nano.a(lib_a-__atexit.o) (__call_exitprocs)

Discarded input sections

 .text          0x0000000000000000        0x0 /usr/lib/gcc/arm-none-eabi/10.3.1/thumb/v7e-m+fp/hard/crti.o
 .data          0x0000000000000000        0x0 /usr/lib/gcc/arm-none-eabi/10.3.1/thumb/v7e-m+fp/hard/crti.o
 .bss           0x0000000000000000        0x0 /usr/lib/gcc/arm-none-eabi/10.3.1/thumb/v7e-m+fp/hard/crti.o
 .data          0x0000000000000000        0x4 /usr/lib/gcc/arm-none-eabi/10.3.1/thumb/v7e-m+fp/hard/crtbegin.o
 .rodata        0x0000000000000000       0x24 /usr/lib/gcc/arm-none-eabi/10.3.1/thumb/v7e-m+fp/hard/crtbegin.o
 .text          0x0000000000000000       0x70 /usr/lib/gcc/arm-none-eabi/10.3.1/../../../arm-none-eabi/lib/thumb/v7e-m+fp/hard/crt0.o
 .data          0x0000000000000000        0x0 /usr/lib/gcc/arm-none-eabi/10.3.1/../../../arm-none-eabi/lib/thumb/v7e-m+fp/hard/crt0.o
 .bss           0x0000000000000000        0x0 /usr/lib/gcc/arm-none-eabi/10.3.1/../../../arm-none-eabi/lib/thumb/v7e-m+fp/hard/crt0.o
 .ARM.extab     0x0000000000000000        0x0 /usr/lib/gcc/arm-none-eabi/10.3.1/../../../arm-none-eabi/lib/thumb/v7e-m+fp/hard/crt0.o
 .ARM.exidx     0x0000000000000000       0x10 /usr/lib/gcc/arm-none-eabi/10.3.1/../../../arm-none-eabi/lib/thumb/v7e-m+fp/hard/crt0.o
 .debug_line    0x0000000000000000       0x87 /usr/lib/gcc/arm-none-eabi/10.3.1/../../../arm-none-eabi/lib/thumb/v7e-m+fp/hard/crt0.o
 .debug_info    0x0000000000000000       0x26 /usr/lib/gcc/arm-none-eabi/10.3.1/../../../arm-none-eabi/lib/thumb/v7e-m+fp/hard/crt0.o
 .debug_abbrev  0x0000000000000000       0x14 /usr/lib/gcc/arm-none-eabi/10.3.1/../../../arm-none-eabi/lib/thumb/v7e-m+fp/hard/crt0.o
 .debug_aranges
                0x0000000000000000       0x20 /usr/lib/gcc/arm-none-eabi/10.3.1/../../../arm-none-eabi/lib/thumb/v7e-m+fp/hard/crt0.o
 .debug_str     0x0000000000000000       0x98 /usr/lib/gcc/arm-none-eabi/10.3.1/../../../arm-none-eabi/lib/thumb/v7e-m+fp/hard/crt0.o
 .ARM.attributes
                0x0000000000000000       0x1c /usr/lib/gcc/arm-none-eabi/10.3.1/../../../arm-none-eabi/lib/thumb/v7e-m+fp/hard/crt0.o
 .text          0x0000000000000000        0x0 build/main.o
 .data          0x0000000000000000        0x0 build/main.o
 .bss           0x0000000000000000        0x0 build/main.o
 .text          0x0000000000000000        0x0 build/tmc5160.o
 .data          0x0000000000000000        0x0 build/tmc5160.o
 .bss           0x0000000000000000        0x0 build/tmc5160.o
 .text          0x0000000000000000        0x0 build/stm32g4xx_it.o
 .data          0x0000000000000000        0x0 build/stm32g4xx_it.o
 .bss           0x0000000000000000        0x0 build/stm32g4xx_it.o
 .text          0x0000000000000000        0x0 build/stm32g4xx_hal_msp.o
[...]
Memory Configuration

Name             Origin             Length             Attributes
RAM              0x0000000020000000 0x0000000000020000 xrw
FLASH            0x0000000008000000 0x0000000000080000 xr
*default*        0x0000000000000000 0xffffffffffffffff

Linker script and memory map

LOAD /usr/lib/gcc/arm-none-eabi/10.3.1/thumb/v7e-m+fp/hard/crti.o
LOAD /usr/lib/gcc/arm-none-eabi/10.3.1/thumb/v7e-m+fp/hard/crtbegin.o
LOAD /usr/lib/gcc/arm-none-eabi/10.3.1/../../../arm-none-eabi/lib/thumb/v7e-m+fp/hard/crt0.o
LOAD build/main.o
LOAD build/tmc5160.o
LOAD build/stm32g4xx_it.o
LOAD build/stm32g4xx_hal_msp.o
LOAD build/stm32g4xx_hal_spi.o
LOAD build/stm32g4xx_hal_spi_ex.o
LOAD build/stm32g4xx_hal.o
LOAD build/stm32g4xx_hal_rcc.o
LOAD build/stm32g4xx_hal_rcc_ex.o
LOAD build/stm32g4xx_hal_flash.o
LOAD build/stm32g4xx_hal_flash_ex.o
LOAD build/stm32g4xx_hal_flash_ramfunc.o
LOAD build/stm32g4xx_hal_gpio.o
LOAD build/stm32g4xx_hal_exti.o
LOAD build/stm32g4xx_hal_dma.o
LOAD build/stm32g4xx_hal_dma_ex.o
LOAD build/stm32g4xx_hal_pwr.o
LOAD build/stm32g4xx_hal_pwr_ex.o
LOAD build/stm32g4xx_hal_cortex.o
LOAD build/system_stm32g4xx.o
LOAD build/sysmem.o
LOAD build/syscalls.o
LOAD build/startup_stm32g474xx.o
LOAD /usr/lib/gcc/arm-none-eabi/10.3.1/../../../arm-none-eabi/lib/thumb/v7e-m+fp/hard/libc_nano.a
LOAD /usr/lib/gcc/arm-none-eabi/10.3.1/../../../arm-none-eabi/lib/thumb/v7e-m+fp/hard/libm.a
LOAD /usr/lib/gcc/arm-none-eabi/10.3.1/../../../arm-none-eabi/lib/thumb/v7e-m+fp/hard/libnosys.a
START GROUP
LOAD /usr/lib/gcc/arm-none-eabi/10.3.1/thumb/v7e-m+fp/hard/libgcc.a
LOAD /usr/lib/gcc/arm-none-eabi/10.3.1/../../../arm-none-eabi/lib/thumb/v7e-m+fp/hard/libc_nano.a
END GROUP
START GROUP
LOAD /usr/lib/gcc/arm-none-eabi/10.3.1/thumb/v7e-m+fp/hard/libgcc.a
LOAD /usr/lib/gcc/arm-none-eabi/10.3.1/../../../arm-none-eabi/lib/thumb/v7e-m+fp/hard/libc_nano.a
END GROUP
LOAD /usr/lib/gcc/arm-none-eabi/10.3.1/thumb/v7e-m+fp/hard/crtend.o
LOAD /usr/lib/gcc/arm-none-eabi/10.3.1/thumb/v7e-m+fp/hard/crtn.o
                0x0000000020020000                _estack = (ORIGIN (RAM) + LENGTH (RAM))
                0x000000002001fc00                _sstack = (_estack - _Min_Stack_Size)
                0x0000000000000200                _Min_Heap_Size = 0x200
                0x0000000000000400                _Min_Stack_Size = 0x400

.isr_vector     0x0000000008000000      0x1d8
                0x0000000008000000                . = ALIGN (0x4)
 *(.isr_vector)
 .isr_vector    0x0000000008000000      0x1d8 build/startup_stm32g474xx.o
                0x0000000008000000                g_pfnVectors
                0x00000000080001d8                . = ALIGN (0x4)

.text           0x00000000080001d8     0x1840
                0x00000000080001d8                . = ALIGN (0x4)
 *(.text)
 .text          0x00000000080001d8       0x88 /usr/lib/gcc/arm-none-eabi/10.3.1/thumb/v7e-m+fp/hard/crtbegin.o
 .text          0x0000000008000260       0x48 /usr/lib/gcc/arm-none-eabi/10.3.1/../../../arm-none-eabi/lib/thumb/v7e-m+fp/hard/libc_nano.a(lib_a-init.o)
                0x0000000008000260                __libc_init_array
 .text          0x00000000080002a8       0xa4 /usr/lib/gcc/arm-none-eabi/10.3.1/../../../arm-none-eabi/lib/thumb/v7e-m+fp/hard/libc_nano.a(lib_a-memset.o)
                0x00000000080002a8                memset
 *(.text*)
 .text.MX_GPIO_Init
                0x000000000800034c       0x98 build/main.o
 .text.Error_Handler
                0x00000000080003e4        0x4 build/main.o
                0x00000000080003e4                Error_Handler
 .text.MX_SPI1_Init
                0x00000000080003e8       0x4c build/main.o
 .text.SystemClock_Config
                0x0000000008000434       0x5e build/main.o
                0x0000000008000434                SystemClock_Config
 .text.main     0x0000000008000492       0x66 build/main.o
                0x0000000008000492                main
 .text.tmc5160_xfer
                0x00000000080004f8       0x84 build/tmc5160.o
 .text.tmc5160_write
                0x000000000800057c        0xe build/tmc5160.o
                0x000000000800057c                tmc5160_write
 .text.tmc5160_read
                0x000000000800058a       0x22 build/tmc5160.o
                0x000000000800058a                tmc5160_read
 .text.tmc5160_set_driver_enabled
                0x00000000080005ac       0x14 build/tmc5160.o
                0x00000000080005ac                tmc5160_set_driver_enabled
 .text.tmc5160_init
                0x00000000080005c0       0xb4 build/tmc5160.o
                0x00000000080005c0                tmc5160_init
 .text.tmc5160_move_to
                0x0000000008000674       0x16 build/tmc5160.o
                0x0000000008000674                tmc5160_move_to
 .text.tmc5160_position_reached
                0x000000000800068a        0xe build/tmc5160.o
                0x000000000800068a                tmc5160_position_reached
 .text.NMI_Handler
                0x0000000008000698        0x2 build/stm32g4xx_it.o
                0x0000000008000698                NMI_Handler
 .text.HardFault_Handler
                0x000000000800069a        0x2 build/stm32g4xx_it.o
                0x000000000800069a                HardFault_Handler
 .text.MemManage_Handler
                0x000000000800069c        0x2 build/stm32g4xx_it.o
                0x000000000800069c                MemManage_Handler
 .text.BusFault_Handler
                0x000000000800069e        0x2 build/stm32g4xx_it.o
                0x000000000800069e                BusFault_Handler
 .text.UsageFault_Handler
                0x00000000080006a0        0x2 build/stm32g4xx_it.o
                0x00000000080006a0                UsageFault_Handler
 .text.SVC_Handler
                0x00000000080006a2        0x2 build/stm32g4xx_it.o
                0x00000000080006a2                SVC_Handler
 .text.DebugMon_Handler
                0x00000000080006a4        0x2 build/stm32g4xx_it.o
                0x00000000080006a4                DebugMon_Handler
 .text.PendSV_Handler
                0x00000000080006a6        0x2 build/stm32g4xx_it.o
                0x00000000080006a6                PendSV_Handler
 .text.SysTick_Handler
                0x00000000080006a8        0x8 build/stm32g4xx_it.o
                0x00000000080006a8                SysTick_Handler
 .text.HAL_MspInit
                0x00000000080006b0       0x38 build/stm32g4xx_hal_msp.o
                0x00000000080006b0                HAL_MspInit
 .text.HAL_SPI_MspInit
                0x00000000080006e8       0x64 build/stm32g4xx_hal_msp.o
                0x00000000080006e8                HAL_SPI_MspInit
 .text.SPI_WaitFlagStateUntilTimeout
                0x000000000800074c       0xd4 build/stm32g4xx_hal_spi.o
 .text.SPI_WaitFifoStateUntilTimeout
                0x0000000008000820       0xf4 build/stm32g4xx_hal_spi.o
 .text.SPI_EndRxTxTransaction
                0x0000000008000914       0x62 build/stm32g4xx_hal_spi.o
 .text.HAL_SPI_Init
                0x0000000008000976       0xe8 build/stm32g4xx_hal_spi.o
                0x0000000008000976                HAL_SPI_Init
 .text.HAL_SPI_TransmitReceive
                0x0000000008000a5e      0x2fe build/stm32g4xx_hal_spi.o
                0x0000000008000a5e                HAL_SPI_TransmitReceive
 .text.HAL_InitTick
                0x0000000008000d5c       0x50 build/stm32g4xx_hal.o
                0x0000000008000d5c                HAL_InitTick
 .text.HAL_Init
                0x0000000008000dac       0x1e build/stm32g4xx_hal.o
                0x0000000008000dac                HAL_Init
 *fill*         0x0000000008000dca        0x2 
 .text.HAL_IncTick
                0x0000000008000dcc       0x18 build/stm32g4xx_hal.o
                0x0000000008000dcc                HAL_IncTick
 .text.HAL_GetTick
                0x0000000008000de4        0xc build/stm32g4xx_hal.o
                0x0000000008000de4                HAL_GetTick
 .text.HAL_Delay
                0x0000000008000df0       0x28 build/stm32g4xx_hal.o
                0x0000000008000df0                HAL_Delay
 .text.RCC_GetSysClockFreqFromPLLSource
                0x0000000008000e18       0x58 build/stm32g4xx_hal_rcc.o
 .text.HAL_RCC_OscConfig
                0x0000000008000e70      0x4e4 build/stm32g4xx_hal_rcc.o
                0x0000000008000e70                HAL_RCC_OscConfig
 .text.HAL_RCC_GetSysClockFreq
                0x0000000008001354       0x88 build/stm32g4xx_hal_rcc.o
                0x0000000008001354                HAL_RCC_GetSysClockFreq
 .text.HAL_RCC_ClockConfig
                0x00000000080013dc      0x1f8 build/stm32g4xx_hal_rcc.o
                0x00000000080013dc                HAL_RCC_ClockConfig
 .text.HAL_GPIO_Init
                0x00000000080015d4      0x1e0 build/stm32g4xx_hal_gpio.o
                0x00000000080015d4                HAL_GPIO_Init
 .text.HAL_GPIO_WritePin
                0x00000000080017b4        0xa build/stm32g4xx_hal_gpio.o
                0x00000000080017b4                HAL_GPIO_WritePin
 *fill*         0x00000000080017be        0x2 
 .text.HAL_PWREx_ControlVoltageScaling
                0x00000000080017c0      0x10c build/stm32g4xx_hal_pwr_ex.o
                0x00000000080017c0                HAL_PWREx_ControlVoltageScaling
 .text.HAL_PWREx_DisableUCPDDeadBattery
                0x00000000080018cc       0x10 build/stm32g4xx_hal_pwr_ex.o
                0x00000000080018cc                HAL_PWREx_DisableUCPDDeadBattery
 .text.HAL_NVIC_SetPriorityGrouping
                0x00000000080018dc       0x24 build/stm32g4xx_hal_cortex.o
                0x00000000080018dc                HAL_NVIC_SetPriorityGrouping
 .text.HAL_NVIC_SetPriority
                0x0000000008001900       0x70 build/stm32g4xx_hal_cortex.o
                0x0000000008001900                HAL_NVIC_SetPriority
 .text.HAL_SYSTICK_Config
                0x0000000008001970       0x28 build/stm32g4xx_hal_cortex.o
                0x0000000008001970                HAL_SYSTICK_Config
 .text.SystemInit
                0x0000000008001998       0x14 build/system_stm32g4xx.o
                0x0000000008001998                SystemInit
 .text.Reset_Handler
                0x00000000080019ac       0x50 build/startup_stm32g474xx.o
                0x00000000080019ac                Reset_Handler
 .text.Default_Handler
                0x00000000080019fc        0x2 build/startup_stm32g474xx.o
                0x00000000080019fc                RTC_Alarm_IRQHandler
                0x00000000080019fc                EXTI2_IRQHandler
                0x00000000080019fc                TIM8_TRG_COM_IRQHandler
                0x00000000080019fc                TIM8_CC_IRQHandler
                0x00000000080019fc                HRTIM1_Master_IRQHandler
                0x00000000080019fc                SPI4_IRQHandler
                0x00000000080019fc                FDCAN3_IT0_IRQHandler
                0x00000000080019fc                TIM1_CC_IRQHandler
                0x00000000080019fc                HRTIM1_FLT_IRQHandler
                0x00000000080019fc                HRTIM1_TIMF_IRQHandler
                0x00000000080019fc                USB_HP_IRQHandler
                0x00000000080019fc                CORDIC_IRQHandler
                0x00000000080019fc                HRTIM1_TIMD_IRQHandler
                0x00000000080019fc                DMA2_Channel8_IRQHandler
                0x00000000080019fc                EXTI3_IRQHandler
                0x00000000080019fc                I2C3_ER_IRQHandler
                0x00000000080019fc                EXTI0_IRQHandler
                0x00000000080019fc                I2C2_EV_IRQHandler
                0x00000000080019fc                FPU_IRQHandler
                0x00000000080019fc                FDCAN1_IT1_IRQHandler
                0x00000000080019fc                TIM1_UP_TIM16_IRQHandler
                0x00000000080019fc                ADC1_2_IRQHandler
                0x00000000080019fc                HRTIM1_TIME_IRQHandler
                0x00000000080019fc                SPI1_IRQHandler
                0x00000000080019fc                TIM6_DAC_IRQHandler
                0x00000000080019fc                HRTIM1_TIMC_IRQHandler
                0x00000000080019fc                TIM8_UP_IRQHandler
                0x00000000080019fc                DMA2_Channel2_IRQHandler
                0x00000000080019fc                DMA1_Channel4_IRQHandler
                0x00000000080019fc                TIM20_TRG_COM_IRQHandler
                0x00000000080019fc                USART3_IRQHandler
                0x00000000080019fc                DMA1_Channel7_IRQHandler
                0x00000000080019fc                UART5_IRQHandler
                0x00000000080019fc                ADC3_IRQHandler
                0x00000000080019fc                TIM4_IRQHandler
                0x00000000080019fc                DMA2_Channel1_IRQHandler
                0x00000000080019fc                QUADSPI_IRQHandler
                0x00000000080019fc                I2C1_EV_IRQHandler
                0x00000000080019fc                DMA1_Channel6_IRQHandler
                0x00000000080019fc                UART4_IRQHandler
                0x00000000080019fc                DMA2_Channel4_IRQHandler
                0x00000000080019fc                TIM3_IRQHandler
                0x00000000080019fc                RCC_IRQHandler
                0x00000000080019fc                TIM20_UP_IRQHandler
                0x00000000080019fc                DMA1_Channel1_IRQHandler
                0x00000000080019fc                Default_Handler
                0x00000000080019fc                DMA2_Channel7_IRQHandler
                0x00000000080019fc                RTC_TAMP_LSECSS_IRQHandler
                0x00000000080019fc                FMAC_IRQHandler
                0x00000000080019fc                EXTI15_10_IRQHandler
                0x00000000080019fc                DMA1_Channel8_IRQHandler
                0x00000000080019fc                HRTIM1_TIMA_IRQHandler
                0x00000000080019fc                TIM7_DAC_IRQHandler
                0x00000000080019fc                FDCAN3_IT1_IRQHandler
                0x00000000080019fc                TIM5_IRQHandler
                0x00000000080019fc                UCPD1_IRQHandler
                0x00000000080019fc                I2C3_EV_IRQHandler
                0x00000000080019fc                EXTI9_5_IRQHandler
                0x00000000080019fc                RTC_WKUP_IRQHandler
                0x00000000080019fc                PVD_PVM_IRQHandler
                0x00000000080019fc                SPI2_IRQHandler
                0x00000000080019fc                ADC5_IRQHandler
                0x00000000080019fc                DMA2_Channel5_IRQHandler
                0x00000000080019fc                CRS_IRQHandler
                0x00000000080019fc                DMA1_Channel5_IRQHandler
                0x00000000080019fc                USB_LP_IRQHandler
                0x00000000080019fc                EXTI4_IRQHandler
                0x00000000080019fc                RNG_IRQHandler
                0x00000000080019fc                HRTIM1_TIMB_IRQHandler
                0x00000000080019fc                TIM1_TRG_COM_TIM17_IRQHandler
                0x00000000080019fc                FDCAN2_IT1_IRQHandler
                0x00000000080019fc                DMA1_Channel3_IRQHandler
                0x00000000080019fc                ADC4_IRQHandler
                0x00000000080019fc                WWDG_IRQHandler
                0x00000000080019fc                I2C4_EV_IRQHandler
                0x00000000080019fc                FDCAN2_IT0_IRQHandler
                0x00000000080019fc                LPUART1_IRQHandler
                0x00000000080019fc                DMA2_Channel6_IRQHandler
                0x00000000080019fc                FDCAN1_IT0_IRQHandler
                0x00000000080019fc                TIM2_IRQHandler
                0x00000000080019fc                COMP7_IRQHandler
                0x00000000080019fc                COMP1_2_3_IRQHandler
                0x00000000080019fc                EXTI1_IRQHandler
                0x00000000080019fc                USART2_IRQHandler
                0x00000000080019fc                COMP4_5_6_IRQHandler
                0x00000000080019fc                TIM20_BRK_IRQHandler
                0x00000000080019fc                I2C2_ER_IRQHandler
                0x00000000080019fc                DMA1_Channel2_IRQHandler
                0x00000000080019fc                TIM8_BRK_IRQHandler
                0x00000000080019fc                FLASH_IRQHandler
                0x00000000080019fc                TIM20_CC_IRQHandler
                0x00000000080019fc                USART1_IRQHandler
                0x00000000080019fc                SPI3_IRQHandler
                0x00000000080019fc                I2C1_ER_IRQHandler
                0x00000000080019fc                FMC_IRQHandler
                0x00000000080019fc                LPTIM1_IRQHandler
                0x00000000080019fc                DMAMUX_OVR_IRQHandler
                0x00000000080019fc                I2C4_ER_IRQHandler
                0x00000000080019fc                USBWakeUp_IRQHandler
                0x00000000080019fc                SAI1_IRQHandler
                0x00000000080019fc                DMA2_Channel3_IRQHandler
                0x00000000080019fc                TIM1_BRK_TIM15_IRQHandler
 *(.glue_7)
 .glue_7        0x00000000080019fe        0x0 linker stubs
 *(.glue_7t)
 .glue_7t       0x00000000080019fe        0x0 linker stubs
 *(.eh_frame)
 *fill*         0x00000000080019fe        0x2 
 .eh_frame      0x0000000008001a00        0x0 /usr/lib/gcc/arm-none-eabi/10.3.1/thumb/v7e-m+fp/hard/crtbegin.o
 *(.init)
 .init          0x0000000008001a00        0x4 /usr/lib/gcc/arm-none-eabi/10.3.1/thumb/v7e-m+fp/hard/crti.o
                0x0000000008001a00                _init
 .init          0x0000000008001a04        0x8 /usr/lib/gcc/arm-none-eabi/10.3.1/thumb/v7e-m+fp/hard/crtn.o
 *(.fini)
 .fini          0x0000000008001a0c        0x4 /usr/lib/gcc/arm-none-eabi/10.3.1/thumb/v7e-m+fp/hard/crti.o
                0x0000000008001a0c                _fini
 .fini          0x0000000008001a10        0x8 /usr/lib/gcc/arm-none-eabi/10.3.1/thumb/v7e-m+fp/hard/crtn.o
                0x0000000008001a18                . = ALIGN (0x4)
                0x0000000008001a18                _etext = .

.vfp11_veneer   0x0000000008001a18        0x0
 .vfp11_veneer  0x0000000008001a18        0x0 linker stubs

.v4_bx          0x0000000008001a18        0x0
 .v4_bx         0x0000000008001a18        0x0 linker stubs

.iplt           0x0000000008001a18        0x0
 .iplt          0x0000000008001a18        0x0 /usr/lib/gcc/arm-none-eabi/10.3.1/thumb/v7e-m+fp/hard/crtbegin.o

.rodata         0x0000000008001a18       0x10
                0x0000000008001a18                . = ALIGN (0x4)
 *(.rodata)
 *(.rodata*)
 .rodata.AHBPrescTable
                0x0000000008001a18       0x10 build/system_stm32g4xx.o
                0x0000000008001a18                AHBPrescTable
                0x0000000008001a28                . = ALIGN (0x4)

.ARM.extab      0x0000000008001a28        0x0
                0x0000000008001a28                . = ALIGN (0x4)
 *(.ARM.extab* .gnu.linkonce.armextab.*)
                0x0000000008001a28                . = ALIGN (0x4)

.ARM            0x0000000008001a28        0x0
                0x0000000008001a28                . = ALIGN (0x4)
                0x0000000008001a28                __exidx_start = .
 *(.ARM.exidx*)
                0x0000000008001a28                __exidx_end = .
                0x0000000008001a28                . = ALIGN (0x4)

.preinit_array  0x0000000008001a28        0x0
                0x0000000008001a28                . = ALIGN (0x4)
                0x0000000008001a28                PROVIDE (__preinit_array_start = .)
 *(.preinit_array*)
                0x0000000008001a28                PROVIDE (__preinit_array_end = .)
                0x0000000008001a28                . = ALIGN (0x4)

.init_array     0x0000000008001a28        0x4
                0x0000000008001a28                . = ALIGN (0x4)
                0x0000000008001a28                PROVIDE (__init_array_start = .)
 *(SORT_BY_NAME(.init_array.*))
 *(.init_array*)
 .init_array    0x0000000008001a28        0x4 /usr/lib/gcc/arm-none-eabi/10.3.1/thumb/v7e-m+fp/hard/crtbegin.o
                0x0000000008001a2c                PROVIDE (__init_array_end = .)
                0x0000000008001a2c                . = ALIGN (0x4)

.fini_array     0x0000000008001a2c        0x4
                0x0000000008001a2c                . = ALIGN (0x4)
                0x0000000008001a2c                PROVIDE (__fini_array_start = .)
 *(SORT_BY_NAME(.fini_array.*))
 *(.fini_array*)
 .fini_array    0x0000000008001a2c        0x4 /usr/lib/gcc/arm-none-eabi/10.3.1/thumb/v7e-m+fp/hard/crtbegin.o
                0x0000000008001a30                PROVIDE (__fini_array_end = .)
                0x0000000008001a30                . = ALIGN (0x4)
                0x0000000008001a30                _sidata = LOADADDR (.data)

.rel.dyn        0x0000000008001a30        0x0
 .rel.iplt      0x0000000008001a30        0x0 /usr/lib/gcc/arm-none-eabi/10.3.1/thumb/v7e-m+fp/hard/crtbegin.o

.data           0x0000000020000000        0xc load address 0x0000000008001a30
                0x0000000020000000                . = ALIGN (0x4)
                0x0000000020000000                _sdata = .
 *(.data)
 *(.data*)
 .data.uwTickFreq
                0x0000000020000000        0x4 build/stm32g4xx_hal.o
                0x0000000020000000                uwTickFreq
 .data.uwTickPrio
                0x0000000020000004        0x4 build/stm32g4xx_hal.o
                0x0000000020000004                uwTickPrio
 .data.SystemCoreClock
                0x0000000020000008        0x4 build/system_stm32g4xx.o
                0x0000000020000008                SystemCoreClock
 *(.RamFunc)
 *(.RamFunc*)
                0x000000002000000c                . = ALIGN (0x4)
                0x000000002000000c                _edata = .

.tm_clone_table
                0x000000002000000c        0x0 load address 0x0000000008001a3c
 .tm_clone_table
                0x000000002000000c        0x0 /usr/lib/gcc/arm-none-eabi/10.3.1/thumb/v7e-m+fp/hard/crtbegin.o
 .tm_clone_table
                0x000000002000000c        0x0 /usr/lib/gcc/arm-none-eabi/10.3.1/thumb/v7e-m+fp/hard/crtend.o

.igot.plt       0x000000002000000c        0x0 load address 0x0000000008001a3c
 .igot.plt      0x000000002000000c        0x0 /usr/lib/gcc/arm-none-eabi/10.3.1/thumb/v7e-m+fp/hard/crtbegin.o
                0x000000002000000c                . = ALIGN (0x4)

.bss            0x000000002000000c       0x84 load address 0x0000000008001a3c
                0x000000002000000c                _sbss = .
                0x000000002000000c                __bss_start__ = _sbss
 *(.bss)
 .bss           0x000000002000000c       0x1c /usr/lib/gcc/arm-none-eabi/10.3.1/thumb/v7e-m+fp/hard/crtbegin.o
 *(.bss*)
 .bss.hspi1     0x0000000020000028       0x64 build/main.o
                0x0000000020000028                hspi1
 .bss.uwTick    0x000000002000008c        0x4 build/stm32g4xx_hal.o
                0x000000002000008c                uwTick
 *(COMMON)
                0x0000000020000090                . = ALIGN (0x4)
                0x0000000020000090                _ebss = .
                0x0000000020000090                __bss_end__ = _ebss

._user_heap_stack
                0x0000000020000090      0x600 load address 0x0000000008001a3c
                0x0000000020000090                . = ALIGN (0x8)
                [!provide]                        PROVIDE (end = .)
                0x0000000020000090                PROVIDE (_end = .)
                0x0000000020000290                . = (. + _Min_Heap_Size)
 *fill*         0x0000000020000090      0x200 
                0x0000000020000690                . = (. + _Min_Stack_Size)
 *fill*         0x0000000020000290      0x400 
                0x0000000020000690                . = ALIGN (0x8)

/DISCARD/
 libc.a(*)
 libm.a(*)
 libgcc.a(*)
OUTPUT(build/stepper_ctl_newboard.elf elf32-littlearm)
LOAD linker stubs
LOAD /usr/lib/gcc/arm-none-eabi/10.3.1/../../../arm-none-eabi/lib/thumb/v7e-m+fp/hard/libc.a
LOAD /usr/lib/gcc/arm-none-eabi/10.3.1/../../../arm-none-eabi/lib/thumb/v7e-m+fp/hard/libm.a
LOAD /usr/lib/gcc/arm-none-eabi/10.3.1/thumb/v7e-m+fp/hard/libgcc.a

.ARM.attributes
                0x0000000000000000       0x30
 .ARM.attributes
                0x0000000000000000       0x1e /usr/lib/gcc/arm-none-eabi/10.3.1/thumb/v7e-m+fp/hard/crti.o
 .ARM.attributes
                0x000000000000001e       0x34 /usr/lib/gcc/arm-none-eabi/10.3.1/thumb/v7e-m+fp/hard/crtbegin.o
 .ARM.attributes
                0x0000000000000052       0x34 build/main.o
 .ARM.attributes
                0x0000000000000086       0x34 build/tmc5160.o
 .ARM.attributes
                0x00000000000000ba       0x34 build/stm32g4xx_it.o
 .ARM.attributes
                0x00000000000000ee       0x34 build/stm32g4xx_hal_msp.o
 .ARM.attributes
                0x0000000000000122       0x34 build/stm32g4xx_hal_spi.o
 .ARM.attributes
                0x0000000000000156       0x34 build/stm32g4xx_hal.o
 .ARM.attributes
                0x000000000000018a       0x34 build/stm32g4xx_hal_rcc.o
 .ARM.attributes
                0x00000000000001be       0x34 build/stm32g4xx_hal_gpio.o
 .ARM.attributes
                0x00000000000001f2       0x34 build/stm32g4xx_hal_pwr_ex.o
 .ARM.attributes
                0x0000000000000226       0x34 build/stm32g4xx_hal_cortex.o
 .ARM.attributes
                0x000000000000025a       0x34 build/system_stm32g4xx.o
 .ARM.attributes
                0x000000000000028e       0x21 build/startup_stm32g474xx.o
 .ARM.attributes
                0x00000000000002af       0x34 /usr/lib/gcc/arm-none-eabi/10.3.1/../../../arm-none-eabi/lib/thumb/v7e-m+fp/hard/libc_nano.a(lib_a-init.o)
 .ARM.attributes
                0x00000000000002e3       0x34 /usr/lib/gcc/arm-none-eabi/10.3.1/../../../arm-none-eabi/lib/thumb/v7e-m+fp/hard/libc_nano.a(lib_a-memset.o)
 .ARM.attributes
                0x0000000000000317       0x32 /usr/lib/gcc/arm-none-eabi/10.3.1/thumb/v7e-m+fp/hard/crtend.o
 .ARM.attributes
                0x0000000000000349       0x1e /usr/lib/gcc/arm-none-eabi/10.3.1/thumb/v7e-m+fp/hard/crtn.o

.comment        0x0000000000000000       0x33
 .comment       0x0000000000000000       0x33 /usr/lib/gcc/arm-none-eabi/10.3.1/thumb/v7e-m+fp/hard/crtbegin.o
                                         0x34 (size before relaxing)
 .comment       0x0000000000000033       0x34 build/main.o
 .comment       0x0000000000000033       0x34 build/tmc5160.o
 .comment       0x0000000000000033       0x34 build/stm32g4xx_it.o
 .comment       0x0000000000000033       0x34 build/stm32g4xx_hal_msp.o
 .comment       0x0000000000000033       0x34 build/stm32g4xx_hal_spi.o
 .comment       0x0000000000000033       0x34 build/stm32g4xx_hal.o
 .comment       0x0000000000000033       0x34 build/stm32g4xx_hal_rcc.o
 .comment       0x0000000000000033       0x34 build/stm32g4xx_hal_gpio.o
 .comment       0x0000000000000033       0x34 build/stm32g4xx_hal_pwr_ex.o
 .comment       0x0000000000000033       0x34 build/stm32g4xx_hal_cortex.o
 .comment       0x0000000000000033       0x34 build/system_stm32g4xx.o
 .comment       0x0000000000000033       0x34 /usr/lib/gcc/arm-none-eabi/10.3.1/../../../arm-none-eabi/lib/thumb/v7e-m+fp/hard/libc_nano.a(lib_a-init.o)
 .comment       0x0000000000000033       0x34 /usr/lib/gcc/arm-none-eabi/10.3.1/../../../arm-none-eabi/lib/thumb/v7e-m+fp/hard/libc_nano.a(lib_a-memset.o)
 .comment       0x0000000000000033       0x34 /usr/lib/gcc/arm-none-eabi/10.3.1/thumb/v7e-m+fp/hard/crtend.o

.debug_info     0x0000000000000000     0x9ba1
 .debug_info    0x0000000000000000     0x10bc build/main.o
 .debug_info    0x00000000000010bc      0xd1d build/tmc5160.o
 .debug_info    0x0000000000001dd9      0x15b build/stm32g4xx_it.o
 .debug_info    0x0000000000001f34      0xc8c build/stm32g4xx_hal_msp.o
 .debug_info    0x0000000000002bc0     0x2327 build/stm32g4xx_hal_spi.o
 .debug_info    0x0000000000004ee7      0xd92 build/stm32g4xx_hal.o
 .debug_info    0x0000000000005c79     0x1049 build/stm32g4xx_hal_rcc.o
 .debug_info    0x0000000000006cc2      0x925 build/stm32g4xx_hal_gpio.o
 .debug_info    0x00000000000075e7      0xb0d build/stm32g4xx_hal_pwr_ex.o
 .debug_info    0x00000000000080f4     0x1209 build/stm32g4xx_hal_cortex.o
 .debug_info    0x00000000000092fd      0x631 build/system_stm32g4xx.o
 .debug_info    0x000000000000992e       0x22 build/startup_stm32g474xx.o
 .debug_info    0x0000000000009950      0x11a /usr/lib/gcc/arm-none-eabi/10.3.1/../../../arm-none-eabi/lib/thumb/v7e-m+fp/hard/libc_nano.a(lib_a-init.o)
 .debug_info    0x0000000000009a6a      0x137 /usr/lib/gcc/arm-none-eabi/10.3.1/../../../arm-none-eabi/lib/thumb/v7e-m+fp/hard/libc_nano.a(lib_a-memset.o)

.debug_abbrev   0x0000000000000000     0x18a8
 .debug_abbrev  0x0000000000000000      0x248 build/main.o
 .debug_abbrev  0x0000000000000248      0x218 build/tmc5160.o
 .debug_abbrev  0x0000000000000460       0x81 build/stm32g4xx_it.o
 .debug_abbrev  0x00000000000004e1      0x19b build/stm32g4xx_hal_msp.o
 .debug_abbrev  0x000000000000067c      0x270 build/stm32g4xx_hal_spi.o
 .debug_abbrev  0x00000000000008ec      0x25d build/stm32g4xx_hal.o
 .debug_abbrev  0x0000000000000b49      0x2ac build/stm32g4xx_hal_rcc.o
 .debug_abbrev  0x0000000000000df5      0x229 build/stm32g4xx_hal_gpio.o
 .debug_abbrev  0x000000000000101e      0x264 build/stm32g4xx_hal_pwr_ex.o
 .debug_abbrev  0x0000000000001282      0x379 build/stm32g4xx_hal_cortex.o
 .debug_abbrev  0x00000000000015fb      0x11b build/system_stm32g4xx.o
 .debug_abbrev  0x0000000000001716       0x12 build/startup_stm32g474xx.o
 .debug_abbrev  0x0000000000001728       0xcc /usr/lib/gcc/arm-none-eabi/10.3.1/../../../arm-none-eabi/lib/thumb/v7e-m+fp/hard/libc_nano.a(lib_a-init.o)
 .debug_abbrev  0x00000000000017f4       0xb4 /usr/lib/gcc/arm-none-eabi/10.3.1/../../../arm-none-eabi/lib/thumb/v7e-m+fp/hard/libc_nano.a(lib_a-memset.o)

.debug_loc      0x0000000000000000     0x4ffe
 .debug_loc     0x0000000000000000       0xbe build/main.o
 .debug_loc     0x00000000000000be      0x265 build/tmc5160.o
 .debug_loc     0x0000000000000323       0x20 build/stm32g4xx_it.o
 .debug_loc     0x0000000000000343      0x120 build/stm32g4xx_hal_msp.o
 .debug_loc     0x0000000000000463     0x2588 build/stm32g4xx_hal_spi.o
 .debug_loc     0x00000000000029eb      0x2af build/stm32g4xx_hal.o
 .debug_loc     0x0000000000002c9a      0x999 build/stm32g4xx_hal_rcc.o
 .debug_loc     0x0000000000003633      0x46f build/stm32g4xx_hal_gpio.o
 .debug_loc     0x0000000000003aa2      0xa43 build/stm32g4xx_hal_pwr_ex.o
 .debug_loc     0x00000000000044e5      0x796 build/stm32g4xx_hal_cortex.o
 .debug_loc     0x0000000000004c7b       0x9d build/system_stm32g4xx.o
 .debug_loc     0x0000000000004d18       0xba /usr/lib/gcc/arm-none-eabi/10.3.1/../../../arm-none-eabi/lib/thumb/v7e-m+fp/hard/libc_nano.a(lib_a-init.o)
 .debug_loc     0x0000000000004dd2      0x22c /usr/lib/gcc/arm-none-eabi/10.3.1/../../../arm-none-eabi/lib/thumb/v7e-m+fp/hard/libc_nano.a(lib_a-memset.o)

.debug_aranges  0x0000000000000000      0x7b8
 .debug_aranges
                0x0000000000000000       0x40 build/main.o
 .debug_aranges
                0x0000000000000040       0x50 build/tmc5160.o
 .debug_aranges
                0x0000000000000090       0x60 build/stm32g4xx_it.o
 .debug_aranges
                0x00000000000000f0       0x30 build/stm32g4xx_hal_msp.o
 .debug_aranges
                0x0000000000000120      0x1d8 build/stm32g4xx_hal_spi.o
 .debug_aranges
                0x00000000000002f8      0x148 build/stm32g4xx_hal.o
 .debug_aranges
                0x0000000000000440       0x98 build/stm32g4xx_hal_rcc.o
 .debug_aranges
                0x00000000000004d8       0x58 build/stm32g4xx_hal_gpio.o
 .debug_aranges
                0x0000000000000530      0x140 build/stm32g4xx_hal_pwr_ex.o
 .debug_aranges
                0x0000000000000670       0xb8 build/stm32g4xx_hal_cortex.o
 .debug_aranges
                0x0000000000000728       0x28 build/system_stm32g4xx.o
 .debug_aranges
                0x0000000000000750       0x28 build/startup_stm32g474xx.o
 .debug_aranges
                0x0000000000000778       0x20 /usr/lib/gcc/arm-none-eabi/10.3.1/../../../arm-none-eabi/lib/thumb/v7e-m+fp/hard/libc_nano.a(lib_a-init.o)
 .debug_aranges
                0x0000000000000798       0x20 /usr/lib/gcc/arm-none-eabi/10.3.1/../../../arm-none-eabi/lib/thumb/v7e-m+fp/hard/libc_nano.a(lib_a-memset.o)

.debug_ranges   0x0000000000000000      0x738
 .debug_ranges  0x0000000000000000       0x30 build/main.o
 .debug_ranges  0x0000000000000030       0x40 build/tmc5160.o
 .debug_ranges  0x0000000000000070       0x50 build/stm32g4xx_it.o
 .debug_ranges  0x00000000000000c0       0x20 build/stm32g4xx_hal_msp.o
 .debug_ranges  0x00000000000000e0      0x1c8 build/stm32g4xx_hal_spi.o
 .debug_ranges  0x00000000000002a8      0x138 build/stm32g4xx_hal.o
 .debug_ranges  0x00000000000003e0       0xa0 build/stm32g4xx_hal_rcc.o
 .debug_ranges  0x0000000000000480       0x48 build/stm32g4xx_hal_gpio.o
 .debug_ranges  0x00000000000004c8      0x130 build/stm32g4xx_hal_pwr_ex.o
 .debug_ranges  0x00000000000005f8      0x108 build/stm32g4xx_hal_cortex.o
 .debug_ranges  0x0000000000000700       0x18 build/system_stm32g4xx.o
 .debug_ranges  0x0000000000000718       0x20 build/startup_stm32g474xx.o

.debug_line     0x0000000000000000     0x637f
 .debug_line    0x0000000000000000      0x3dc build/main.o
 .debug_line    0x00000000000003dc      0x272 build/tmc5160.o
 .debug_line    0x000000000000064e      0x179 build/stm32g4xx_it.o
 .debug_line    0x00000000000007c7      0x1f7 build/stm32g4xx_hal_msp.o
 .debug_line    0x00000000000009be     0x2a18 build/stm32g4xx_hal_spi.o
 .debug_line    0x00000000000033d6      0x640 build/stm32g4xx_hal.o
 .debug_line    0x0000000000003a16      0xd5d build/stm32g4xx_hal_rcc.o
 .debug_line    0x0000000000004773      0x603 build/stm32g4xx_hal_gpio.o
 .debug_line    0x0000000000004d76      0x9e8 build/stm32g4xx_hal_pwr_ex.o
 .debug_line    0x000000000000575e      0x6ff build/stm32g4xx_hal_cortex.o
 .debug_line    0x0000000000005e5d      0x1b4 build/system_stm32g4xx.o
 .debug_line    0x0000000000006011       0x77 build/startup_stm32g474xx.o
 .debug_line    0x0000000000006088      0x138 /usr/lib/gcc/arm-none-eabi/10.3.1/../../../arm-none-eabi/lib/thumb/v7e-m+fp/hard/libc_nano.a(lib_a-init.o)
 .debug_line    0x00000000000061c0      0x1bf /usr/lib/gcc/arm-none-eabi/10.3.1/../../../arm-none-eabi/lib/thumb/v7e-m+fp/hard/libc_nano.a(lib_a-memset.o)

.debug_str      0x0000000000000000     0x2c28
 .debug_str     0x0000000000000000      0xa16 build/main.o
                                        0xab5 (size before relaxing)
 .debug_str     0x0000000000000a16       0x78 build/tmc5160.o
                                        0x77e (size before relaxing)
 .debug_str     0x0000000000000a8e       0xb4 build/stm32g4xx_it.o
                                        0x20a (size before relaxing)
 .debug_str     0x0000000000000b42       0x81 build/stm32g4xx_hal_msp.o
                                        0x891 (size before relaxing)
 .debug_str     0x0000000000000bc3      0x5c1 build/stm32g4xx_hal_spi.o
                                        0xc9f (size before relaxing)
 .debug_str     0x0000000000001184      0xaa9 build/stm32g4xx_hal.o
                                        0xe09 (size before relaxing)
 .debug_str     0x0000000000001c2d      0x31b build/stm32g4xx_hal_rcc.o
                                        0x81f (size before relaxing)
 .debug_str     0x0000000000001f48      0x121 build/stm32g4xx_hal_gpio.o
                                        0x509 (size before relaxing)
 .debug_str     0x0000000000002069      0x4d3 build/stm32g4xx_hal_pwr_ex.o
                                        0x7ac (size before relaxing)
 .debug_str     0x000000000000253c      0x479 build/stm32g4xx_hal_cortex.o
                                        0xd55 (size before relaxing)
 .debug_str     0x00000000000029b5       0x3d build/system_stm32g4xx.o
                                        0x391 (size before relaxing)
 .debug_str     0x00000000000029f2       0x22 build/startup_stm32g474xx.o
                                         0x43 (size before relaxing)
 .debug_str     0x0000000000002a14      0x16a /usr/lib/gcc/arm-none-eabi/10.3.1/../../../arm-none-eabi/lib/thumb/v7e-m+fp/hard/libc_nano.a(lib_a-init.o)
                                        0x20b (size before relaxing)
 .debug_str     0x0000000000002b7e       0xaa /usr/lib/gcc/arm-none-eabi/10.3.1/../../../arm-none-eabi/lib/thumb/v7e-m+fp/hard/libc_nano.a(lib_a-memset.o)
                                        0x1c0 (size before relaxing)

.debug_frame    0x0000000000000000     0x11cc
 .debug_frame   0x0000000000000000       0x94 build/main.o
 .debug_frame   0x0000000000000094       0xc8 build/tmc5160.o
 .debug_frame   0x000000000000015c       0xa8 build/stm32g4xx_it.o
 .debug_frame   0x0000000000000204       0x64 build/stm32g4xx_hal_msp.o
 .debug_frame   0x0000000000000268      0x600 build/stm32g4xx_hal_spi.o
 .debug_frame   0x0000000000000868      0x2a4 build/stm32g4xx_hal.o
 .debug_frame   0x0000000000000b0c      0x198 build/stm32g4xx_hal_rcc.o
 .debug_frame   0x0000000000000ca4       0xd0 build/stm32g4xx_hal_gpio.o
 .debug_frame   0x0000000000000d74      0x268 build/stm32g4xx_hal_pwr_ex.o
 .debug_frame   0x0000000000000fdc      0x168 build/stm32g4xx_hal_cortex.o
 .debug_frame   0x0000000000001144       0x30 build/system_stm32g4xx.o
 .debug_frame   0x0000000000001174       0x2c /usr/lib/gcc/arm-none-eabi/10.3.1/../../../arm-none-eabi/lib/thumb/v7e-m+fp/hard/libc_nano.a(lib_a-init.o)
 .debug_frame   0x00000000000011a0       0x2c /usr/lib/gcc/arm-none-eabi/10.3.1/../../../arm-none-eabi/lib/thumb/v7e-m+fp/hard/libc_nano.a(lib_a-memset.o)

Cross Reference Table

Symbol                                            File
ADC1_2_IRQHandler                                 build/startup_stm32g474xx.o
ADC3_IRQHandler                                   build/startup_stm32g474xx.o
ADC4_IRQHandler                                   build/startup_stm32g474xx.o
ADC5_IRQHandler                                   build/startup_stm32g474xx.o
AHBPrescTable                                     build/system_stm32g4xx.o
                                                  build/stm32g4xx_hal_rcc.o
APBPrescTable                                     build/system_stm32g4xx.o
                                                  build/stm32g4xx_hal_rcc.o
BusFault_Handler                                  build/stm32g4xx_it.o
COMP1_2_3_IRQHandler                              build/startup_stm32g474xx.o
COMP4_5_6_IRQHandler                              build/startup_stm32g474xx.o
COMP7_IRQHandler                                  build/startup_stm32g474xx.o
CORDIC_IRQHandler                                 build/startup_stm32g474xx.o
CRS_IRQHandler                                    build/startup_stm32g474xx.o
DMA1_Channel1_IRQHandler                          build/startup_stm32g474xx.o
DMA1_Channel2_IRQHandler                          build/startup_stm32g474xx.o
DMA1_Channel3_IRQHandler                          build/startup_stm32g474xx.o
DMA1_Channel4_IRQHandler                          build/startup_stm32g474xx.o
DMA1_Channel5_IRQHandler                          build/startup_stm32g474xx.o
DMA1_Channel6_IRQHandler                          build/startup_stm32g474xx.o
DMA1_Channel7_IRQHandler                          build/startup_stm32g474xx.o
DMA1_Channel8_IRQHandler                          build/startup_stm32g474xx.o
DMA2_Channel1_IRQHandler                          build/startup_stm32g474xx.o
DMA2_Channel2_IRQHandler                          build/startup_stm32g474xx.o
DMA2_Channel3_IRQHandler                          build/startup_stm32g474xx.o
DMA2_Channel4_IRQHandler                          build/startup_stm32g474xx.o
DMA2_Channel5_IRQHandler                          build/startup_stm32g474xx.o
DMA2_Channel6_IRQHandler                          build/startup_stm32g474xx.o
DMA2_Channel7_IRQHandler                          build/startup_stm32g474xx.o
DMA2_Channel8_IRQHandler                          build/startup_stm32g474xx.o
DMAMUX_OVR_IRQHandler                             build/startup_stm32g474xx.o
DebugMon_Handler                                  build/stm32g4xx_it.o
Default_Handler                                   build/startup_stm32g474xx.o
EXTI0_IRQHandler                                  build/startup_stm32g474xx.o
EXTI15_10_IRQHandler                              build/startup_stm32g474xx.o
EXTI1_IRQHandler                                  build/startup_stm32g474xx.o
EXTI2_IRQHandler                                  build/startup_stm32g474xx.o
EXTI3_IRQHandler                                  build/startup_stm32g474xx.o
EXTI4_IRQHandler                                  build/startup_stm32g474xx.o
EXTI9_5_IRQHandler                                build/startup_stm32g474xx.o
Error_Handler                                     build/main.o
FDCAN1_IT0_IRQHandler                             build/startup_stm32g474xx.o
FDCAN1_IT1_IRQHandler                             build/startup_stm32g474xx.o
FDCAN2_IT0_IRQHandler                             build/startup_stm32g474xx.o
FDCAN2_IT1_IRQHandler                             build/startup_stm32g474xx.o
FDCAN3_IT0_IRQHandler                             build/startup_stm32g474xx.o
FDCAN3_IT1_IRQHandler                             build/startup_stm32g474xx.o
FLASH_FlushCaches                                 build/stm32g4xx_hal_flash_ex.o
                                                  build/stm32g4xx_hal_flash.o
FLASH_IRQHandler                                  build/startup_stm32g474xx.o
FLASH_PageErase                                   build/stm32g4xx_hal_flash_ex.o
                                                  build/stm32g4xx_hal_flash.o
FLASH_WaitForLastOperation                        build/stm32g4xx_hal_flash.o
                                                  build/stm32g4xx_hal_flash_ex.o
FMAC_IRQHandler                                   build/startup_stm32g474xx.o
FMC_IRQHandler                                    build/startup_stm32g474xx.o
FPU_IRQHandler                                    build/startup_stm32g474xx.o
HAL_DBGMCU_DisableDBGSleepMode                    build/stm32g4xx_hal.o
HAL_DBGMCU_DisableDBGStandbyMode                  build/stm32g4xx_hal.o
HAL_DBGMCU_DisableDBGStopMode                     build/stm32g4xx_hal.o
HAL_DBGMCU_EnableDBGSleepMode                     build/stm32g4xx_hal.o
HAL_DBGMCU_EnableDBGStandbyMode                   build/stm32g4xx_hal.o
HAL_DBGMCU_EnableDBGStopMode                      build/stm32g4xx_hal.o
HAL_DMAEx_ConfigMuxRequestGenerator               build/stm32g4xx_hal_dma_ex.o
HAL_DMAEx_ConfigMuxSync                           build/stm32g4xx_hal_dma_ex.o
HAL_DMAEx_DisableMuxRequestGenerator              build/stm32g4xx_hal_dma_ex.o
HAL_DMAEx_EnableMuxRequestGenerator               build/stm32g4xx_hal_dma_ex.o
HAL_DMAEx_MUX_IRQHandler                          build/stm32g4xx_hal_dma_ex.o
HAL_DMA_Abort                                     build/stm32g4xx_hal_dma.o
                                                  build/stm32g4xx_hal_spi.o
HAL_DMA_Abort_IT                                  build/stm32g4xx_hal_dma.o
                                                  build/stm32g4xx_hal_spi.o
HAL_DMA_DeInit                                    build/stm32g4xx_hal_dma.o
HAL_DMA_GetError                                  build/stm32g4xx_hal_dma.o
HAL_DMA_GetState                                  build/stm32g4xx_hal_dma.o
HAL_DMA_IRQHandler                                build/stm32g4xx_hal_dma.o
HAL_DMA_Init                                      build/stm32g4xx_hal_dma.o
HAL_DMA_PollForTransfer                           build/stm32g4xx_hal_dma.o
HAL_DMA_RegisterCallback                          build/stm32g4xx_hal_dma.o
HAL_DMA_Start                                     build/stm32g4xx_hal_dma.o
HAL_DMA_Start_IT                                  build/stm32g4xx_hal_dma.o
                                                  build/stm32g4xx_hal_spi.o
HAL_DMA_UnRegisterCallback                        build/stm32g4xx_hal_dma.o
HAL_DeInit                                        build/stm32g4xx_hal.o
HAL_Delay                                         build/stm32g4xx_hal.o
                                                  build/main.o
HAL_EXTI_ClearConfigLine                          build/stm32g4xx_hal_exti.o
HAL_EXTI_ClearPending                             build/stm32g4xx_hal_exti.o
HAL_EXTI_GenerateSWI                              build/stm32g4xx_hal_exti.o
HAL_EXTI_GetConfigLine                            build/stm32g4xx_hal_exti.o
HAL_EXTI_GetHandle                                build/stm32g4xx_hal_exti.o
HAL_EXTI_GetPending                               build/stm32g4xx_hal_exti.o
HAL_EXTI_IRQHandler                               build/stm32g4xx_hal_exti.o
HAL_EXTI_RegisterCallback                         build/stm32g4xx_hal_exti.o
HAL_EXTI_SetConfigLine                            build/stm32g4xx_hal_exti.o
HAL_FLASHEx_DisableDebugger                       build/stm32g4xx_hal_flash_ex.o
HAL_FLASHEx_DisableRunPowerDown                   build/stm32g4xx_hal_flash_ramfunc.o
HAL_FLASHEx_EnableDebugger                        build/stm32g4xx_hal_flash_ex.o
HAL_FLASHEx_EnableRunPowerDown                    build/stm32g4xx_hal_flash_ramfunc.o
HAL_FLASHEx_EnableSecMemProtection                build/stm32g4xx_hal_flash_ex.o
HAL_FLASHEx_Erase                                 build/stm32g4xx_hal_flash_ex.o
HAL_FLASHEx_Erase_IT                              build/stm32g4xx_hal_flash_ex.o
HAL_FLASHEx_OBGetConfig                           build/stm32g4xx_hal_flash_ex.o
HAL_FLASHEx_OBProgram                             build/stm32g4xx_hal_flash_ex.o
HAL_FLASHEx_OB_DBankConfig                        build/stm32g4xx_hal_flash_ramfunc.o
HAL_FLASH_EndOfOperationCallback                  build/stm32g4xx_hal_flash.o
HAL_FLASH_GetError                                build/stm32g4xx_hal_flash.o
HAL_FLASH_IRQHandler                              build/stm32g4xx_hal_flash.o
HAL_FLASH_Lock                                    build/stm32g4xx_hal_flash.o
HAL_FLASH_OB_Launch                               build/stm32g4xx_hal_flash.o
HAL_FLASH_OB_Lock                                 build/stm32g4xx_hal_flash.o
HAL_FLASH_OB_Unlock                               build/stm32g4xx_hal_flash.o
HAL_FLASH_OperationErrorCallback                  build/stm32g4xx_hal_flash.o
HAL_FLASH_Program                                 build/stm32g4xx_hal_flash.o
HAL_FLASH_Program_IT                              build/stm32g4xx_hal_flash.o
HAL_FLASH_Unlock                                  build/stm32g4xx_hal_flash.o
HAL_GPIO_DeInit                                   build/stm32g4xx_hal_gpio.o
                                                  build/stm32g4xx_hal_msp.o
HAL_GPIO_EXTI_Callback                            build/stm32g4xx_hal_gpio.o
HAL_GPIO_EXTI_IRQHandler                          build/stm32g4xx_hal_gpio.o
HAL_GPIO_Init                                     build/stm32g4xx_hal_gpio.o
                                                  build/stm32g4xx_hal_rcc_ex.o
                                                  build/stm32g4xx_hal_rcc.o
                                                  build/stm32g4xx_hal_msp.o
                                                  build/main.o
HAL_GPIO_LockPin                                  build/stm32g4xx_hal_gpio.o
HAL_GPIO_ReadPin                                  build/stm32g4xx_hal_gpio.o
HAL_GPIO_TogglePin                                build/stm32g4xx_hal_gpio.o
HAL_GPIO_WritePin                                 build/stm32g4xx_hal_gpio.o
                                                  build/tmc5160.o
                                                  build/main.o
HAL_GetDEVID                                      build/stm32g4xx_hal.o
HAL_GetHalVersion                                 build/stm32g4xx_hal.o
HAL_GetREVID                                      build/stm32g4xx_hal.o
HAL_GetTick                                       build/stm32g4xx_hal.o
                                                  build/stm32g4xx_hal_dma.o
                                                  build/stm32g4xx_hal_flash.o
                                                  build/stm32g4xx_hal_rcc_ex.o
                                                  build/stm32g4xx_hal_rcc.o
                                                  build/stm32g4xx_hal_spi.o
HAL_GetTickFreq                                   build/stm32g4xx_hal.o
HAL_GetTickPrio                                   build/stm32g4xx_hal.o
HAL_GetUIDw0                                      build/stm32g4xx_hal.o
HAL_GetUIDw1                                      build/stm32g4xx_hal.o
HAL_GetUIDw2                                      build/stm32g4xx_hal.o
HAL_IncTick                                       build/stm32g4xx_hal.o
                                                  build/stm32g4xx_it.o
HAL_Init                                          build/stm32g4xx_hal.o
                                                  build/main.o
HAL_InitTick                                      build/stm32g4xx_hal.o
                                                  build/stm32g4xx_hal_rcc.o
HAL_MPU_ConfigRegion                              build/stm32g4xx_hal_cortex.o
HAL_MPU_Disable                                   build/stm32g4xx_hal_cortex.o
HAL_MPU_DisableRegion                             build/stm32g4xx_hal_cortex.o
HAL_MPU_Enable                                    build/stm32g4xx_hal_cortex.o
HAL_MPU_EnableRegion                              build/stm32g4xx_hal_cortex.o
HAL_MspDeInit                                     build/stm32g4xx_hal.o
HAL_MspInit                                       build/stm32g4xx_hal_msp.o
HAL_NVIC_ClearPendingIRQ                          build/stm32g4xx_hal_cortex.o
HAL_NVIC_DisableIRQ                               build/stm32g4xx_hal_cortex.o
HAL_NVIC_EnableIRQ                                build/stm32g4xx_hal_cortex.o
HAL_NVIC_GetActive                                build/stm32g4xx_hal_cortex.o
HAL_NVIC_GetPendingIRQ                            build/stm32g4xx_hal_cortex.o
HAL_NVIC_GetPriority                              build/stm32g4xx_hal_cortex.o
HAL_NVIC_GetPriorityGrouping                      build/stm32g4xx_hal_cortex.o
HAL_NVIC_SetPendingIRQ                            build/stm32g4xx_hal_cortex.o
HAL_NVIC_SetPriority                              build/stm32g4xx_hal_cortex.o
                                                  build/stm32g4xx_hal.o
HAL_NVIC_SetPriorityGrouping                      build/stm32g4xx_hal_cortex.o
                                                  build/stm32g4xx_hal.o
HAL_NVIC_SystemReset                              build/stm32g4xx_hal_cortex.o
HAL_PWREx_ConfigPVM                               build/stm32g4xx_hal_pwr_ex.o
HAL_PWREx_ControlVoltageScaling                   build/stm32g4xx_hal_pwr_ex.o
                                                  build/main.o
HAL_PWREx_DisableBatteryCharging                  build/stm32g4xx_hal_pwr_ex.o
HAL_PWREx_DisableGPIOPullDown                     build/stm32g4xx_hal_pwr_ex.o
HAL_PWREx_DisableGPIOPullUp                       build/stm32g4xx_hal_pwr_ex.o
HAL_PWREx_DisableInternalWakeUpLine               build/stm32g4xx_hal_pwr_ex.o
HAL_PWREx_DisableLowPowerRunMode                  build/stm32g4xx_hal_pwr_ex.o
                                                  build/stm32g4xx_hal_pwr.o
HAL_PWREx_DisablePVM1                             build/stm32g4xx_hal_pwr_ex.o
HAL_PWREx_DisablePVM2                             build/stm32g4xx_hal_pwr_ex.o
HAL_PWREx_DisablePVM3                             build/stm32g4xx_hal_pwr_ex.o
HAL_PWREx_DisablePVM4                             build/stm32g4xx_hal_pwr_ex.o
HAL_PWREx_DisablePullUpPullDownConfig             build/stm32g4xx_hal_pwr_ex.o
HAL_PWREx_DisableSRAM2ContentRetention            build/stm32g4xx_hal_pwr_ex.o
HAL_PWREx_DisableUCPDDeadBattery                  build/stm32g4xx_hal_pwr_ex.o
                                                  build/stm32g4xx_hal_msp.o
HAL_PWREx_DisableUCPDStandbyMode                  build/stm32g4xx_hal_pwr_ex.o
HAL_PWREx_EnableBatteryCharging                   build/stm32g4xx_hal_pwr_ex.o
HAL_PWREx_EnableGPIOPullDown                      build/stm32g4xx_hal_pwr_ex.o
HAL_PWREx_EnableGPIOPullUp                        build/stm32g4xx_hal_pwr_ex.o
HAL_PWREx_EnableInternalWakeUpLine                build/stm32g4xx_hal_pwr_ex.o
HAL_PWREx_EnableLowPowerRunMode                   build/stm32g4xx_hal_pwr_ex.o
                                                  build/stm32g4xx_hal_pwr.o
HAL_PWREx_EnablePVM1                              build/stm32g4xx_hal_pwr_ex.o
HAL_PWREx_EnablePVM2                              build/stm32g4xx_hal_pwr_ex.o
HAL_PWREx_EnablePVM3                              build/stm32g4xx_hal_pwr_ex.o
HAL_PWREx_EnablePVM4                              build/stm32g4xx_hal_pwr_ex.o
HAL_PWREx_EnablePullUpPullDownConfig              build/stm32g4xx_hal_pwr_ex.o
HAL_PWREx_EnableSRAM2ContentRetention             build/stm32g4xx_hal_pwr_ex.o
HAL_PWREx_EnableUCPDDeadBattery                   build/stm32g4xx_hal_pwr_ex.o
HAL_PWREx_EnableUCPDStandbyMode                   build/stm32g4xx_hal_pwr_ex.o
HAL_PWREx_EnterSHUTDOWNMode                       build/stm32g4xx_hal_pwr_ex.o
HAL_PWREx_EnterSTOP0Mode                          build/stm32g4xx_hal_pwr_ex.o
                                                  build/stm32g4xx_hal_pwr.o
HAL_PWREx_EnterSTOP1Mode                          build/stm32g4xx_hal_pwr_ex.o
                                                  build/stm32g4xx_hal_pwr.o
HAL_PWREx_GetVoltageRange                         build/stm32g4xx_hal_pwr_ex.o
HAL_PWREx_PVD_PVM_IRQHandler                      build/stm32g4xx_hal_pwr_ex.o
HAL_PWREx_PVM1Callback                            build/stm32g4xx_hal_pwr_ex.o
HAL_PWREx_PVM2Callback                            build/stm32g4xx_hal_pwr_ex.o
HAL_PWREx_PVM3Callback                            build/stm32g4xx_hal_pwr_ex.o
HAL_PWREx_PVM4Callback                            build/stm32g4xx_hal_pwr_ex.o
HAL_PWR_ConfigPVD                                 build/stm32g4xx_hal_pwr.o
HAL_PWR_DeInit                                    build/stm32g4xx_hal_pwr.o
HAL_PWR_DisableBkUpAccess                         build/stm32g4xx_hal_pwr.o
                                                  build/stm32g4xx_hal_rcc_ex.o
HAL_PWR_DisablePVD                                build/stm32g4xx_hal_pwr.o
HAL_PWR_DisableSEVOnPend                          build/stm32g4xx_hal_pwr.o
HAL_PWR_DisableSleepOnExit                        build/stm32g4xx_hal_pwr.o
HAL_PWR_DisableWakeUpPin                          build/stm32g4xx_hal_pwr.o
HAL_PWR_EnableBkUpAccess                          build/stm32g4xx_hal_pwr.o
                                                  build/stm32g4xx_hal_rcc_ex.o
HAL_PWR_EnablePVD                                 build/stm32g4xx_hal_pwr.o
HAL_PWR_EnableSEVOnPend                           build/stm32g4xx_hal_pwr.o
HAL_PWR_EnableSleepOnExit                         build/stm32g4xx_hal_pwr.o
HAL_PWR_EnableWakeUpPin                           build/stm32g4xx_hal_pwr.o
HAL_PWR_EnterSLEEPMode                            build/stm32g4xx_hal_pwr.o
HAL_PWR_EnterSTANDBYMode                          build/stm32g4xx_hal_pwr.o
HAL_PWR_EnterSTOPMode                             build/stm32g4xx_hal_pwr.o
HAL_PWR_PVDCallback                               build/stm32g4xx_hal_pwr.o
                                                  build/stm32g4xx_hal_pwr_ex.o
HAL_RCCEx_CRSConfig                               build/stm32g4xx_hal_rcc_ex.o
HAL_RCCEx_CRSGetSynchronizationInfo               build/stm32g4xx_hal_rcc_ex.o
HAL_RCCEx_CRSSoftwareSynchronizationGenerate      build/stm32g4xx_hal_rcc_ex.o
HAL_RCCEx_CRSWaitSynchronization                  build/stm32g4xx_hal_rcc_ex.o
HAL_RCCEx_CRS_ErrorCallback                       build/stm32g4xx_hal_rcc_ex.o
HAL_RCCEx_CRS_ExpectedSyncCallback                build/stm32g4xx_hal_rcc_ex.o
HAL_RCCEx_CRS_IRQHandler                          build/stm32g4xx_hal_rcc_ex.o
HAL_RCCEx_CRS_SyncOkCallback                      build/stm32g4xx_hal_rcc_ex.o
HAL_RCCEx_CRS_SyncWarnCallback                    build/stm32g4xx_hal_rcc_ex.o
HAL_RCCEx_DisableLSCO                             build/stm32g4xx_hal_rcc_ex.o
HAL_RCCEx_DisableLSECSS                           build/stm32g4xx_hal_rcc_ex.o
HAL_RCCEx_EnableLSCO                              build/stm32g4xx_hal_rcc_ex.o
HAL_RCCEx_EnableLSECSS                            build/stm32g4xx_hal_rcc_ex.o
HAL_RCCEx_EnableLSECSS_IT                         build/stm32g4xx_hal_rcc_ex.o
HAL_RCCEx_GetPeriphCLKConfig                      build/stm32g4xx_hal_rcc_ex.o
HAL_RCCEx_GetPeriphCLKFreq                        build/stm32g4xx_hal_rcc_ex.o
HAL_RCCEx_LSECSS_Callback                         build/stm32g4xx_hal_rcc_ex.o
HAL_RCCEx_LSECSS_IRQHandler                       build/stm32g4xx_hal_rcc_ex.o
HAL_RCCEx_PeriphCLKConfig                         build/stm32g4xx_hal_rcc_ex.o
HAL_RCC_CSSCallback                               build/stm32g4xx_hal_rcc.o
HAL_RCC_ClockConfig                               build/stm32g4xx_hal_rcc.o
                                                  build/main.o
HAL_RCC_DeInit                                    build/stm32g4xx_hal_rcc.o
HAL_RCC_DisableLSECSS                             build/stm32g4xx_hal_rcc.o
HAL_RCC_EnableCSS                                 build/stm32g4xx_hal_rcc.o
HAL_RCC_EnableLSECSS                              build/stm32g4xx_hal_rcc.o
HAL_RCC_GetClockConfig                            build/stm32g4xx_hal_rcc.o
HAL_RCC_GetHCLKFreq                               build/stm32g4xx_hal_rcc.o
HAL_RCC_GetOscConfig                              build/stm32g4xx_hal_rcc.o
HAL_RCC_GetPCLK1Freq                              build/stm32g4xx_hal_rcc.o
                                                  build/stm32g4xx_hal_rcc_ex.o
HAL_RCC_GetPCLK2Freq                              build/stm32g4xx_hal_rcc.o
                                                  build/stm32g4xx_hal_rcc_ex.o
HAL_RCC_GetSysClockFreq                           build/stm32g4xx_hal_rcc.o
                                                  build/stm32g4xx_hal_rcc_ex.o
HAL_RCC_MCOConfig                                 build/stm32g4xx_hal_rcc.o
HAL_RCC_NMI_IRQHandler                            build/stm32g4xx_hal_rcc.o
HAL_RCC_OscConfig                                 build/stm32g4xx_hal_rcc.o
                                                  build/main.o
HAL_ResumeTick                                    build/stm32g4xx_hal.o
HAL_SPIEx_FlushRxFifo                             build/stm32g4xx_hal_spi_ex.o
HAL_SPI_Abort                                     build/stm32g4xx_hal_spi.o
HAL_SPI_AbortCpltCallback                         build/stm32g4xx_hal_spi.o
HAL_SPI_Abort_IT                                  build/stm32g4xx_hal_spi.o
HAL_SPI_DMAPause                                  build/stm32g4xx_hal_spi.o
HAL_SPI_DMAResume                                 build/stm32g4xx_hal_spi.o
HAL_SPI_DMAStop                                   build/stm32g4xx_hal_spi.o
HAL_SPI_DeInit                                    build/stm32g4xx_hal_spi.o
HAL_SPI_ErrorCallback                             build/stm32g4xx_hal_spi.o
HAL_SPI_GetError                                  build/stm32g4xx_hal_spi.o
HAL_SPI_GetState                                  build/stm32g4xx_hal_spi.o
HAL_SPI_IRQHandler                                build/stm32g4xx_hal_spi.o
HAL_SPI_Init                                      build/stm32g4xx_hal_spi.o
                                                  build/main.o
HAL_SPI_MspDeInit                                 build/stm32g4xx_hal_msp.o
HAL_SPI_MspInit                                   build/stm32g4xx_hal_msp.o
HAL_SPI_Receive                                   build/stm32g4xx_hal_spi.o
HAL_SPI_Receive_DMA                               build/stm32g4xx_hal_spi.o
HAL_SPI_Receive_IT                                build/stm32g4xx_hal_spi.o
HAL_SPI_RxCpltCallback                            build/stm32g4xx_hal_spi.o
HAL_SPI_RxHalfCpltCallback                        build/stm32g4xx_hal_spi.o
HAL_SPI_Transmit                                  build/stm32g4xx_hal_spi.o
HAL_SPI_TransmitReceive                           build/stm32g4xx_hal_spi.o
                                                  build/tmc5160.o
HAL_SPI_TransmitReceive_DMA                       build/stm32g4xx_hal_spi.o
HAL_SPI_TransmitReceive_IT                        build/stm32g4xx_hal_spi.o
HAL_SPI_Transmit_DMA                              build/stm32g4xx_hal_spi.o
HAL_SPI_Transmit_IT                               build/stm32g4xx_hal_spi.o
HAL_SPI_TxCpltCallback                            build/stm32g4xx_hal_spi.o
HAL_SPI_TxHalfCpltCallback                        build/stm32g4xx_hal_spi.o
HAL_SPI_TxRxCpltCallback                          build/stm32g4xx_hal_spi.o
HAL_SPI_TxRxHalfCpltCallback                      build/stm32g4xx_hal_spi.o
HAL_SYSCFG_CCMSRAMErase                           build/stm32g4xx_hal.o
HAL_SYSCFG_CCMSRAM_WriteProtectionEnable          build/stm32g4xx_hal.o
HAL_SYSCFG_DisableIOSwitchBooster                 build/stm32g4xx_hal.o
HAL_SYSCFG_DisableIOSwitchVDD                     build/stm32g4xx_hal.o
HAL_SYSCFG_DisableMemorySwappingBank              build/stm32g4xx_hal.o
HAL_SYSCFG_DisableVREFBUF                         build/stm32g4xx_hal.o
HAL_SYSCFG_EnableIOSwitchBooster                  build/stm32g4xx_hal.o
HAL_SYSCFG_EnableIOSwitchVDD                      build/stm32g4xx_hal.o
HAL_SYSCFG_EnableMemorySwappingBank               build/stm32g4xx_hal.o
HAL_SYSCFG_EnableVREFBUF                          build/stm32g4xx_hal.o
HAL_SYSCFG_VREFBUF_HighImpedanceConfig            build/stm32g4xx_hal.o
HAL_SYSCFG_VREFBUF_TrimmingConfig                 build/stm32g4xx_hal.o
HAL_SYSCFG_VREFBUF_VoltageScalingConfig           build/stm32g4xx_hal.o
HAL_SYSTICK_CLKSourceConfig                       build/stm32g4xx_hal_cortex.o
HAL_SYSTICK_Callback                              build/stm32g4xx_hal_cortex.o
HAL_SYSTICK_Config                                build/stm32g4xx_hal_cortex.o
                                                  build/stm32g4xx_hal.o
HAL_SYSTICK_IRQHandler                            build/stm32g4xx_hal_cortex.o
HAL_SetTickFreq                                   build/stm32g4xx_hal.o
HAL_SuspendTick                                   build/stm32g4xx_hal.o
HRTIM1_FLT_IRQHandler                             build/startup_stm32g474xx.o
HRTIM1_Master_IRQHandler                          build/startup_stm32g474xx.o
HRTIM1_TIMA_IRQHandler                            build/startup_stm32g474xx.o
HRTIM1_TIMB_IRQHandler                            build/startup_stm32g474xx.o
HRTIM1_TIMC_IRQHandler                            build/startup_stm32g474xx.o
HRTIM1_TIMD_IRQHandler                            build/startup_stm32g474xx.o
HRTIM1_TIME_IRQHandler                            build/startup_stm32g474xx.o
HRTIM1_TIMF_IRQHandler                            build/startup_stm32g474xx.o
HardFault_Handler                                 build/stm32g4xx_it.o
I2C1_ER_IRQHandler                                build/startup_stm32g474xx.o
I2C1_EV_IRQHandler                                build/startup_stm32g474xx.o
I2C2_ER_IRQHandler                                build/startup_stm32g474xx.o
I2C2_EV_IRQHandler                                build/startup_stm32g474xx.o
I2C3_ER_IRQHandler                                build/startup_stm32g474xx.o
I2C3_EV_IRQHandler                                build/startup_stm32g474xx.o
I2C4_ER_IRQHandler                                build/startup_stm32g474xx.o
I2C4_EV_IRQHandler                                build/startup_stm32g474xx.o
LPTIM1_IRQHandler                                 build/startup_stm32g474xx.o
LPUART1_IRQHandler                                build/startup_stm32g474xx.o
MemManage_Handler                                 build/stm32g4xx_it.o
NMI_Handler                                       build/stm32g4xx_it.o
PVD_PVM_IRQHandler                                build/startup_stm32g474xx.o
PendSV_Handler                                    build/stm32g4xx_it.o
QUADSPI_IRQHandler                                build/startup_stm32g474xx.o
RCC_IRQHandler                                    build/startup_stm32g474xx.o
RNG_IRQHandler                                    build/startup_stm32g474xx.o
RTC_Alarm_IRQHandler                              build/startup_stm32g474xx.o
RTC_TAMP_LSECSS_IRQHandler                        build/startup_stm32g474xx.o
RTC_WKUP_IRQHandler                               build/startup_stm32g474xx.o
Reset_Handler                                     build/startup_stm32g474xx.o
SAI1_IRQHandler                                   build/startup_stm32g474xx.o
SPI1_IRQHandler                                   build/startup_stm32g474xx.o
SPI2_IRQHandler                                   build/startup_stm32g474xx.o
SPI3_IRQHandler                                   build/startup_stm32g474xx.o
SPI4_IRQHandler                                   build/startup_stm32g474xx.o
SVC_Handler                                       build/stm32g4xx_it.o
SysTick_Handler                                   build/stm32g4xx_it.o
SystemClock_Config                                build/main.o
SystemCoreClock                                   build/system_stm32g4xx.o
                                                  build/stm32g4xx_hal_pwr_ex.o
                                                  build/stm32g4xx_hal_flash_ramfunc.o
                                                  build/stm32g4xx_hal_rcc.o
                                                  build/stm32g4xx_hal.o
                                                  build/stm32g4xx_hal_spi.o
SystemCoreClockUpdate                             build/system_stm32g4xx.o
SystemInit                                        build/system_stm32g4xx.o
                                                  build/startup_stm32g474xx.o
TIM1_BRK_TIM15_IRQHandler                         build/startup_stm32g474xx.o
TIM1_CC_IRQHandler                                build/startup_stm32g474xx.o
TIM1_TRG_COM_TIM17_IRQHandler                     build/startup_stm32g474xx.o
TIM1_UP_TIM16_IRQHandler                          build/startup_stm32g474xx.o
TIM20_BRK_IRQHandler                              build/startup_stm32g474xx.o
TIM20_CC_IRQHandler                               build/startup_stm32g474xx.o
TIM20_TRG_COM_IRQHandler                          build/startup_stm32g474xx.o
TIM20_UP_IRQHandler                               build/startup_stm32g474xx.o
TIM2_IRQHandler                                   build/startup_stm32g474xx.o
TIM3_IRQHandler                                   build/startup_stm32g474xx.o
TIM4_IRQHandler                                   build/startup_stm32g474xx.o
TIM5_IRQHandler                                   build/startup_stm32g474xx.o
TIM6_DAC_IRQHandler                               build/startup_stm32g474xx.o
TIM7_DAC_IRQHandler                               build/startup_stm32g474xx.o
TIM8_BRK_IRQHandler                               build/startup_stm32g474xx.o
TIM8_CC_IRQHandler                                build/startup_stm32g474xx.o
TIM8_TRG_COM_IRQHandler                           build/startup_stm32g474xx.o
TIM8_UP_IRQHandler                                build/startup_stm32g474xx.o
UART4_IRQHandler                                  build/startup_stm32g474xx.o
UART5_IRQHandler                                  build/startup_stm32g474xx.o
UCPD1_IRQHandler                                  build/startup_stm32g474xx.o
USART1_IRQHandler                                 build/startup_stm32g474xx.o
USART2_IRQHandler                                 build/startup_stm32g474xx.o
USART3_IRQHandler                                 build/startup_stm32g474xx.o
USBWakeUp_IRQHandler                              build/startup_stm32g474xx.o
USB_HP_IRQHandler                                 build/startup_stm32g474xx.o
USB_LP_IRQHandler                                 build/startup_stm32g474xx.o
UsageFault_Handler                                build/stm32g4xx_it.o
WWDG_IRQHandler                                   build/startup_stm32g474xx.o
_ITM_deregisterTMCloneTable                       /usr/lib/gcc/arm-none-eabi/10.3.1/thumb/v7e-m+fp/hard/crtbegin.o
_ITM_registerTMCloneTable                         /usr/lib/gcc/arm-none-eabi/10.3.1/thumb/v7e-m+fp/hard/crtbegin.o
_Min_Stack_Size                                   build/sysmem.o
__TMC_END__                                       /usr/lib/gcc/arm-none-eabi/10.3.1/thumb/v7e-m+fp/hard/crtend.o
                                                  /usr/lib/gcc/arm-none-eabi/10.3.1/thumb/v7e-m+fp/hard/crtbegin.o
__atexit_dummy                                    /usr/lib/gcc/arm-none-eabi/10.3.1/../../../arm-none-eabi/lib/thumb/v7e-m+fp/hard/libc_nano.a(lib_a-__atexit.o)
__bss_end__                                       /usr/lib/gcc/arm-none-eabi/10.3.1/../../../arm-none-eabi/lib/thumb/v7e-m+fp/hard/crt0.o
__bss_start__                                     /usr/lib/gcc/arm-none-eabi/10.3.1/../../../arm-none-eabi/lib/thumb/v7e-m+fp/hard/crt0.o
__call_exitprocs                                  /usr/lib/gcc/arm-none-eabi/10.3.1/../../../arm-none-eabi/lib/thumb/v7e-m+fp/hard/libc_nano.a(lib_a-__call_atexit.o)
                                                  /usr/lib/gcc/arm-none-eabi/10.3.1/../../../arm-none-eabi/lib/thumb/v7e-m+fp/hard/libc_nano.a(lib_a-__atexit.o)
                                                  /usr/lib/gcc/arm-none-eabi/10.3.1/../../../arm-none-eabi/lib/thumb/v7e-m+fp/hard/libc_nano.a(lib_a-exit.o)
__deregister_frame_info                           /usr/lib/gcc/arm-none-eabi/10.3.1/thumb/v7e-m+fp/hard/crtbegin.o
__dso_handle                                      /usr/lib/gcc/arm-none-eabi/10.3.1/thumb/v7e-m+fp/hard/crtbegin.o
__env                                             build/syscalls.o
__errno                                           /usr/lib/gcc/arm-none-eabi/10.3.1/../../../arm-none-eabi/lib/thumb/v7e-m+fp/hard/libc_nano.a(lib_a-errno.o)
                                                  build/syscalls.o
                                                  build/sysmem.o
__fini_array_end                                  /usr/lib/gcc/arm-none-eabi/10.3.1/../../../arm-none-eabi/lib/thumb/v7e-m+fp/hard/libc_nano.a(lib_a-fini.o)
__fini_array_start                                /usr/lib/gcc/arm-none-eabi/10.3.1/../../../arm-none-eabi/lib/thumb/v7e-m+fp/hard/libc_nano.a(lib_a-fini.o)
__init_array_end                                  /usr/lib/gcc/arm-none-eabi/10.3.1/../../../arm-none-eabi/lib/thumb/v7e-m+fp/hard/libc_nano.a(lib_a-init.o)
__init_array_start                                /usr/lib/gcc/arm-none-eabi/10.3.1/../../../arm-none-eabi/lib/thumb/v7e-m+fp/hard/libc_nano.a(lib_a-init.o)
__io_getchar                                      build/syscalls.o
__io_putchar                                      build/syscalls.o
__libc_fini_array                                 /usr/lib/gcc/arm-none-eabi/10.3.1/../../../arm-none-eabi/lib/thumb/v7e-m+fp/hard/libc_nano.a(lib_a-fini.o)
                                                  /usr/lib/gcc/arm-none-eabi/10.3.1/../../../arm-none-eabi/lib/thumb/v7e-m+fp/hard/crt0.o
__libc_init_array                                 /usr/lib/gcc/arm-none-eabi/10.3.1/../../../arm-none-eabi/lib/thumb/v7e-m+fp/hard/libc_nano.a(lib_a-init.o)
                                                  build/startup_stm32g474xx.o
                                                  /usr/lib/gcc/arm-none-eabi/10.3.1/../../../arm-none-eabi/lib/thumb/v7e-m+fp/hard/crt0.o
__on_exit_args                                    /usr/lib/gcc/arm-none-eabi/10.3.1/../../../arm-none-eabi/lib/thumb/v7e-m+fp/hard/libc_nano.a(lib_a-__atexit.o)
__preinit_array_end                               /usr/lib/gcc/arm-none-eabi/10.3.1/../../../arm-none-eabi/lib/thumb/v7e-m+fp/hard/libc_nano.a(lib_a-init.o)
__preinit_array_start                             /usr/lib/gcc/arm-none-eabi/10.3.1/../../../arm-none-eabi/lib/thumb/v7e-m+fp/hard/libc_nano.a(lib_a-init.o)
__register_exitproc                               /usr/lib/gcc/arm-none-eabi/10.3.1/../../../arm-none-eabi/lib/thumb/v7e-m+fp/hard/libc_nano.a(lib_a-__atexit.o)
                                                  /usr/lib/gcc/arm-none-eabi/10.3.1/../../../arm-none-eabi/lib/thumb/v7e-m+fp/hard/libc_nano.a(lib_a-atexit.o)
__register_frame_info                             /usr/lib/gcc/arm-none-eabi/10.3.1/thumb/v7e-m+fp/hard/crtbegin.o
__sf_fake_stderr                                  /usr/lib/gcc/arm-none-eabi/10.3.1/../../../arm-none-eabi/lib/thumb/v7e-m+fp/hard/libc_nano.a(lib_a-impure.o)
__sf_fake_stdin                                   /usr/lib/gcc/arm-none-eabi/10.3.1/../../../arm-none-eabi/lib/thumb/v7e-m+fp/hard/libc_nano.a(lib_a-impure.o)
__sf_fake_stdout                                  /usr/lib/gcc/arm-none-eabi/10.3.1/../../../arm-none-eabi/lib/thumb/v7e-m+fp/hard/libc_nano.a(lib_a-impure.o)
__stack                                           /usr/lib/gcc/arm-none-eabi/10.3.1/../../../arm-none-eabi/lib/thumb/v7e-m+fp/hard/crt0.o
_close                                            build/syscalls.o
_ebss                                             build/startup_stm32g474xx.o
_edata                                            build/startup_stm32g474xx.o
_end                                              build/sysmem.o
_estack                                           build/startup_stm32g474xx.o
                                                  build/sysmem.o
_execve                                           build/syscalls.o
_exit                                             build/syscalls.o
                                                  /usr/lib/gcc/arm-none-eabi/10.3.1/../../../arm-none-eabi/lib/thumb/v7e-m+fp/hard/libc_nano.a(lib_a-exit.o)
_fini                                             /usr/lib/gcc/arm-none-eabi/10.3.1/thumb/v7e-m+fp/hard/crti.o
                                                  /usr/lib/gcc/arm-none-eabi/10.3.1/../../../arm-none-eabi/lib/thumb/v7e-m+fp/hard/libc_nano.a(lib_a-fini.o)
_fork                                             build/syscalls.o
_fstat                                            build/syscalls.o
_getpid                                           build/syscalls.o
_global_atexit                                    /usr/lib/gcc/arm-none-eabi/10.3.1/../../../arm-none-eabi/lib/thumb/v7e-m+fp/hard/libc_nano.a(lib_a-__call_atexit.o)
                                                  /usr/lib/gcc/arm-none-eabi/10.3.1/../../../arm-none-eabi/lib/thumb/v7e-m+fp/hard/libc_nano.a(lib_a-__atexit.o)
_global_impure_ptr                                /usr/lib/gcc/arm-none-eabi/10.3.1/../../../arm-none-eabi/lib/thumb/v7e-m+fp/hard/libc_nano.a(lib_a-impure.o)
                                                  /usr/lib/gcc/arm-none-eabi/10.3.1/../../../arm-none-eabi/lib/thumb/v7e-m+fp/hard/libc_nano.a(lib_a-exit.o)
_impure_ptr                                       /usr/lib/gcc/arm-none-eabi/10.3.1/../../../arm-none-eabi/lib/thumb/v7e-m+fp/hard/libc_nano.a(lib_a-impure.o)
                                                  /usr/lib/gcc/arm-none-eabi/10.3.1/../../../arm-none-eabi/lib/thumb/v7e-m+fp/hard/libc_nano.a(lib_a-errno.o)
_init                                             /usr/lib/gcc/arm-none-eabi/10.3.1/thumb/v7e-m+fp/hard/crti.o
                                                  /usr/lib/gcc/arm-none-eabi/10.3.1/../../../arm-none-eabi/lib/thumb/v7e-m+fp/hard/libc_nano.a(lib_a-init.o)
_isatty                                           build/syscalls.o
_kill                                             build/syscalls.o
_link                                             build/syscalls.o
_lseek                                            build/syscalls.o
_mainCRTStartup                                   /usr/lib/gcc/arm-none-eabi/10.3.1/../../../arm-none-eabi/lib/thumb/v7e-m+fp/hard/crt0.o
_open                                             build/syscalls.o
_read                                             build/syscalls.o
_sbrk                                             build/sysmem.o
_sbss                                             build/startup_stm32g474xx.o
_sdata                                            build/startup_stm32g474xx.o
_sidata                                           build/startup_stm32g474xx.o
_stack_init                                       /usr/lib/gcc/arm-none-eabi/10.3.1/../../../arm-none-eabi/lib/thumb/v7e-m+fp/hard/crt0.o
_start                                            /usr/lib/gcc/arm-none-eabi/10.3.1/../../../arm-none-eabi/lib/thumb/v7e-m+fp/hard/crt0.o
_stat                                             build/syscalls.o
_times                                            build/syscalls.o
_unlink                                           build/syscalls.o
_wait                                             build/syscalls.o
_write                                            build/syscalls.o
atexit                                            /usr/lib/gcc/arm-none-eabi/10.3.1/../../../arm-none-eabi/lib/thumb/v7e-m+fp/hard/libc_nano.a(lib_a-atexit.o)
                                                  /usr/lib/gcc/arm-none-eabi/10.3.1/../../../arm-none-eabi/lib/thumb/v7e-m+fp/hard/crt0.o
environ                                           build/syscalls.o
exit                                              /usr/lib/gcc/arm-none-eabi/10.3.1/../../../arm-none-eabi/lib/thumb/v7e-m+fp/hard/libc_nano.a(lib_a-exit.o)
                                                  /usr/lib/gcc/arm-none-eabi/10.3.1/../../../arm-none-eabi/lib/thumb/v7e-m+fp/hard/crt0.o
g_pfnVectors                                      build/startup_stm32g474xx.o
hardware_init_hook                                /usr/lib/gcc/arm-none-eabi/10.3.1/../../../arm-none-eabi/lib/thumb/v7e-m+fp/hard/crt0.o
hspi1                                             build/main.o
                                                  build/tmc5160.o
initialise_monitor_handles                        build/syscalls.o
main                                              build/main.o
                                                  build/startup_stm32g474xx.o
                                                  /usr/lib/gcc/arm-none-eabi/10.3.1/../../../arm-none-eabi/lib/thumb/v7e-m+fp/hard/crt0.o
malloc                                            /usr/lib/gcc/arm-none-eabi/10.3.1/../../../arm-none-eabi/lib/thumb/v7e-m+fp/hard/libc_nano.a(lib_a-__atexit.o)
memset                                            /usr/lib/gcc/arm-none-eabi/10.3.1/../../../arm-none-eabi/lib/thumb/v7e-m+fp/hard/libc_nano.a(lib_a-memset.o)
                                                  build/main.o
                                                  /usr/lib/gcc/arm-none-eabi/10.3.1/../../../arm-none-eabi/lib/thumb/v7e-m+fp/hard/crt0.o
pFlash                                            build/stm32g4xx_hal_flash.o
                                                  build/stm32g4xx_hal_flash_ramfunc.o
                                                  build/stm32g4xx_hal_flash_ex.o
software_init_hook                                /usr/lib/gcc/arm-none-eabi/10.3.1/../../../arm-none-eabi/lib/thumb/v7e-m+fp/hard/crt0.o
tmc5160_init                                      build/tmc5160.o
                                                  build/main.o
tmc5160_move_to                                   build/tmc5160.o
                                                  build/main.o
tmc5160_position_reached                          build/tmc5160.o
                                                  build/main.o
tmc5160_read                                      build/tmc5160.o
tmc5160_set_driver_enabled                        build/tmc5160.o
                                                  build/main.o
tmc5160_write                                     build/tmc5160.o
uwTick                                            build/stm32g4xx_hal.o
uwTickFreq                                        build/stm32g4xx_hal.o
uwTickPrio                                        build/stm32g4xx_hal.o
                                                  build/stm32g4xx_hal_rcc.o
